// Jest Snapshot v1, https://goo.gl/fbAQLP

exports[`<CardImage /> should render correctly 1`] = `
.c0 {
  box-shadow: 0 4px 8px 0 rgba(0,0,0,0.2);
  width: 100px;
  height: 100px;
  margin: 10px;
  border-radius: 2%;
  position: relative;
  overflow: hidden;
  -webkit-transition: all 0.2s ease-in-out;
  transition: all 0.2s ease-in-out;
}

.c0:hover {
  box-shadow: 0 8px 16px 0 rgba(0,0,0,0.2);
  -webkit-transform: scale(1.05);
  -ms-transform: scale(1.05);
  transform: scale(1.05);
}

.c0 img {
  position: absolute;
  height: 100%;
  width: auto;
  left: 50%;
  top: 50%;
  -webkit-transform: translate(-50%,-50%);
  -ms-transform: translate(-50%,-50%);
  transform: translate(-50%,-50%);
  border-radius: 2%;
  background-position: 50% 50%;
  background-repeat: no-repeat;
  background: transparent url(test-file-stub) center no-repeat;
}

<div>
  <div
    class="c0"
    cursor="0"
    height="100"
    width="100"
  >
    <img
      alt="teste"
      src="teste"
    />
  </div>
</div>
`;
