// Jest Snapshot v1, https://goo.gl/fbAQLP

exports[`<CSSTransitionEF /> should render with show false correctly 1`] = `
<div>
  <p>
    Teste
  </p>
</div>
`;
