// Jest Snapshot v1, https://goo.gl/fbAQLP

exports[`<FullScreenLoading /> should render correctly 1`] = `
.c0 {
  width: 100vw;
  height: 100vh;
  background: var(--main-bg-color);
  display: -webkit-box;
  display: -webkit-flex;
  display: -ms-flexbox;
  display: flex;
  -webkit-box-pack: center;
  -webkit-justify-content: center;
  -ms-flex-pack: center;
  justify-content: center;
  -webkit-align-items: center;
  -webkit-box-align: center;
  -ms-flex-align: center;
  align-items: center;
}

.c0 img {
  width: 50px;
  height: 50px;
}

<div>
  <div
    class="c0"
  >
    <p>
      Carregando...
    </p>
  </div>
</div>
`;

exports[`<Loading /> should render correctly 1`] = `
<div>
  <img
    alt="loading"
    class=""
    src="test-file-stub"
  />
</div>
`;
