// Jest Snapshot v1, https://goo.gl/fbAQLP

exports[`<Modal /> should render with show false correctly 1`] = `<div />`;

exports[`<Modal /> should render with show true correctly 1`] = `
.c0 {
  width: 100vw;
  height: 100vh;
  position: fixed;
  background-color: rgba(0,0,0,0.8);
  z-index: 1;
  display: -webkit-box;
  display: -webkit-flex;
  display: -ms-flexbox;
  display: flex;
  -webkit-align-items: center;
  -webkit-box-align: center;
  -ms-flex-align: center;
  align-items: center;
  -webkit-flex-direction: row;
  -ms-flex-direction: row;
  flex-direction: row;
  -webkit-box-pack: center;
  -webkit-justify-content: center;
  -ms-flex-pack: center;
  justify-content: center;
  top: 0;
  left: 0;
}

<div>
  <div
    class="c0"
    data-testid="modal-id"
  >
    <p>
      Teste
    </p>
  </div>
</div>
`;
