// Jest Snapshot v1, https://goo.gl/fbAQLP

exports[`<Feed /> should handle the page Feed navigation 1`] = `
.c0 {
  display: -webkit-box;
  display: -webkit-flex;
  display: -ms-flexbox;
  display: flex;
  -webkit-flex-direction: column;
  -ms-flex-direction: column;
  flex-direction: column;
  -webkit-align-items: center;
  -webkit-box-align: center;
  -ms-flex-align: center;
  align-items: center;
  background: var(--main-bg-color);
  width: 100%;
  height: 100%;
}

.c1 {
  margin-top: 20px;
  list-style: none;
  display: -webkit-box;
  display: -webkit-flex;
  display: -ms-flexbox;
  display: flex;
}

.c1 li {
  margin-right: 10px;
}

.c1 li.active {
  font-weight: bold;
}

.c1 li a {
  color: inherit;
  -webkit-text-decoration: none;
  text-decoration: none;
  font-size: 18px;
  line-height: 32px;
}

.c2 {
  margin-top: 100px;
  -webkit-box-pack: center;
  -webkit-justify-content: center;
  -ms-flex-pack: center;
  justify-content: center;
  width: 80%;
  display: -webkit-box;
  display: -webkit-flex;
  display: -ms-flexbox;
  display: flex;
  -webkit-align-items: center;
  -webkit-box-align: center;
  -ms-flex-align: center;
  align-items: center;
  -webkit-box-pack: center;
  -webkit-justify-content: center;
  -ms-flex-pack: center;
  justify-content: center;
  background: inherit;
  width: 100%;
}

<div>
  <div
    class="c0"
  >
    <ul
      class="c1"
    >
      <li
        class="active"
      >
        <a
          href="/feed?category=husky"
        >
          Husky
        </a>
      </li>
      <li
        class=""
      >
        <a
          href="/feed?category=labrador"
        >
          Labrador
        </a>
      </li>
      <li
        class=""
      >
        <a
          href="/feed?category=hound"
        >
          Hound
        </a>
      </li>
      <li
        class=""
      >
        <a
          href="/feed?category=pug"
        >
          Pug
        </a>
      </li>
    </ul>
    <div
      class="c2"
    >
      <img
        alt="loading"
        class=""
        src="test-file-stub"
      />
    </div>
  </div>
</div>
`;
